7tv.io
dis.gd
10tv.app
7tv.app
discord.co
discord.gg
discord.app
discord.com
discord.dev
discord.gift
discord.new
discord.design
discord.gifts
discord.media
discord.status
discord.store
discord.tools
discordapp.com
discordapp.net
discordcdn.com
discordsez.com
discordmerch.com
discordsays.com
cdn.discordapp.com
discordstatus.com
gateway.discord.gg
media.discordapp.net
updates.discord.com
discord-activities.com
discordactivities.com
discordpartygames.com
images-ext-1.discordapp.net
images-ext-2.discordapp.net
images-ext-3.discordapp.net
images-ext-4.discordapp.net
a.nel.cloudflare.com
censortracker.org
cloudflare-ech.com
cloudflareclient.com
nnmstatic.win
rtmps.youtube.com
whoer.net
heavyfetish.com
ixxx.com
ru.spankbang.com
spankbang.com
sxyprn.com
sxyprn.net
xhamster.com
xhamsterlive.com
xnxx.com
xvideos.com
xv-ru.com
sb-cd.com
tbi.sb-cd.com
cdn-telegram.org
comments.app
contest.com
core.telegram.org
desktop.telegram.org
fragment.com
graph.org
k.telegram.org
macos.telegram.org
quiz.directory
t.me
tdesktop.com
telega.one
telegra.ph
telegram.dog
telegram.me
telegram.org
telegram.space
telegram.tips
telegram-cdn.org
telesco.pe
tg.dev
tx.me
usercontent.dev
web.telegram.org
webk.telegram.org
2ip.com.ua
2ip.ua
amnezia.org
betterttv.net
bidmachine.io
browser-intake-datadoghq.com
cdnbunny.org
cdninstagram.com
cf-ipfs.com
cfl.re
chaturbate.com
cloudflare.net
cloudflareanycast.net
cloudflarechina.cn
cloudflare-cn.com
cloudflarecn.net
cloudflare-dns.com
cloudflare-ipfs.com
cloudflareresolve.com
doppiocdn.com
doubleclick.net
epidemz.me
epidemz.net.co
eporner.com
facebook.com
fbcdn.net
filmix.ac
filmix.my
frankerfacez.com
globalsign.com
googleadservices.com
googlesyndication.com
hdrezka.ac
hdrezka.ag
instagram.com
kaspersky-labs.com
linkedin.com
linktr.ee
loo3laej.com
mediascope.mail.ru
mpclub.vip
ntc.party
patreon.com
phncdn.com
pki.goog
play.google.com
pornhub.com
porntrex.com
proton.me
protonvpn.com
pscp.tv
rezka.ag
rintor.net
rutor.info
rutor.is
rutor.org
rutracker.cc
rutracker.net
rutracker.org
rutracker.ru
soundcloud.com
speeddial2.com
strpst.com
ststandard.com
t.co
tiktokv.com
tnaflix.com
tnastatic.com
trafficdeposit.com
traffic-hero.pages.dev
twimg.com
twitter.com
x.com
zendesk.com
static-eu-cdn.eporner.com
ptgncdn.com
cloudflareinsights.com
cdn.mxpnl.com
x.epidemz.me
